// Jest Snapshot v1, https://goo.gl/fbAQLP

exports[`GiftItemTest Snapshot test 1`] = `
<div>
  <div
    class="card"
  >
    <img
      alt="Title of the gif"
      src="http://..."
    />
    <p>
      Title of the gif
    </p>
  </div>
</div>
`;
